// Jest Snapshot v1, https://goo.gl/fbAQLP

exports[`Test case for Success Component matches snapshot 1`] = `
<div
  className="container"
/>
`;
